<head>
  <title>wow</title>
  <style>p { color: red }</style>
</head>
<body>
  <span>wow</span>
  <p>
   hi
    </p>
  <p>hello there!</p>
  <div>
    <section>wow</section>
    <end>   wow <span>amaze</span></end>
  </div>
  <junk>total junk</junk>
  <end2>hi</end2>
</body>
