<div>
  <section>
    <p>hello world</p>
  </section>
  <p>wow</p>
  <div>
    <div>heyhey</div>
  </div>
</div>
