<head>
  <title>hi</title>
  <p></p>
  <meta name="wow" content="amaze">
</head>
